2026-02-10 15:07:45,252 - tests.utils.locator_util - INFO - Successfully clicked selector: .gh-identity a:has-text('Sign in')
2026-02-10 15:07:48,725 - tests.utils.locator_util - INFO - Successfully clicked selector: #signin-continue-btn
2026-02-10 15:07:51,762 - tests.utils.locator_util - INFO - Successfully clicked selector: #sgnBt
2026-02-10 15:07:56,244 - tests.utils.locator_util - INFO - Successfully clicked selector: #gh-search-btn
2026-02-10 15:07:58,732 - tests.utils.locator_util - INFO - Successfully clicked selector: .srp-view-options .fake-menu-button__button
2026-02-10 15:08:05,533 - tests.pages.search_page - INFO - Item 1: price=8.0
2026-02-10 15:08:06,370 - tests.pages.search_page - INFO - Added item 1 URL: https://www.ebay.com/itm/134566638385?_skw=frozen+lego+duplo&itmmeta=01KH3TMZ4W398QXCRTA9GYNZ5R&hash=item1f54cbf331:g:AHoAAOSw81tkW1FM, price: $8.00
2026-02-10 15:08:06,378 - tests.pages.search_page - INFO - Item 2: price=3.99
2026-02-10 15:08:07,341 - tests.pages.search_page - INFO - Added item 2 URL: https://www.ebay.com/itm/157644299901?_skw=frozen+lego+duplo&itmmeta=01KH3TMZ4WT6MSYG0582E26C59&hash=item24b4551e7d:g:SgUAAeSweLhpeou~, price: $3.99
2026-02-10 15:08:07,348 - tests.pages.search_page - INFO - Item 3: price=8.2
2026-02-10 15:08:08,474 - tests.pages.search_page - INFO - Added item 3 URL: https://www.ebay.com/itm/157614098402?_skw=frozen+lego+duplo&itmmeta=01KH3TMZ4WES9HKG2G10QPCRVH&hash=item24b28847e2:g:1kYAAeSwTyFpZ9B-, price: $8.20
2026-02-10 15:08:13,637 - tests.utils.locator_util - INFO - Successfully clicked selector: #atcBtn_btn_1
2026-02-10 15:08:18,399 - tests.utils.locator_util - INFO - Successfully clicked selector: #atcBtn_btn_1
2026-02-10 15:08:22,132 - tests.utils.locator_util - INFO - Successfully clicked selector: #atcBtn_btn_1
2026-02-10 15:08:23,625 - tests.pages.cart_page - INFO - Subtotal: $66.39, Shipping: $21.84, Cart total: $44.55, Max allowed: $20.19
2026-02-10 15:08:24,406 - tests.pages.cart_page - INFO - the total actual $44.55 the tottal expected $20.19
2026-02-10 15:08:24,406 - tests.pages.cart_page - ERROR - Cart total $44.55 exceeds expected maximum $20.19. Screenshot saved to cart_total_44.png
2026-02-10 15:08:31,102 - tests.pages.cart_page - INFO - All items deleted from cart
